../Core/Src/main.c:102:7:CalibrarPresionSuelo	3
../Core/Src/main.c:118:7:CalcularAltura	1
../Core/Src/main.c:128:5:main	17
../Core/Src/main.c:289:6:SystemClock_Config	3
../Core/Src/main.c:339:13:MX_CAN1_Init	2
../Core/Src/main.c:376:13:MX_I2C2_Init	2
../Core/Src/main.c:410:13:MX_SPI3_Init	2
../Core/Src/main.c:448:13:MX_TIM2_Init	6
../Core/Src/main.c:507:13:MX_GPIO_Init	1
../Core/Src/main.c:588:6:Buzzer_On	1
../Core/Src/main.c:593:6:Buzzer_Off	1
../Core/Src/main.c:598:6:Buzzer_Beep	1
../Core/Src/main.c:611:6:Error_Handler	1
