../Core/Src/main.c:251:5:presForFrequency	2
../Core/Src/main.c:257:6:noNote	1
../Core/Src/main.c:262:6:playNote	1
../Core/Src/main.c:306:7:CalibrarPresionSuelo	3
../Core/Src/main.c:322:7:CalcularAltura	1
../Core/Src/main.c:332:5:main	18
../Core/Src/main.c:506:6:SystemClock_Config	3
../Core/Src/main.c:556:13:MX_CAN1_Init	2
../Core/Src/main.c:593:13:MX_I2C2_Init	2
../Core/Src/main.c:627:13:MX_SPI3_Init	2
../Core/Src/main.c:665:13:MX_TIM2_Init	6
../Core/Src/main.c:724:13:MX_GPIO_Init	1
../Core/Src/main.c:812:6:Error_Handler	1
