../Core/Src/main.c:251:5:presForFrequency	16	static
../Core/Src/main.c:257:6:noNote	4	static
../Core/Src/main.c:262:6:playNote	24	static
../Core/Src/main.c:306:7:CalibrarPresionSuelo	16	static
../Core/Src/main.c:322:7:CalcularAltura	16	static
../Core/Src/main.c:332:5:main	40	static
../Core/Src/main.c:506:6:SystemClock_Config	88	static
../Core/Src/main.c:556:13:MX_CAN1_Init	8	static
../Core/Src/main.c:593:13:MX_I2C2_Init	8	static
../Core/Src/main.c:627:13:MX_SPI3_Init	8	static
../Core/Src/main.c:665:13:MX_TIM2_Init	64	static
../Core/Src/main.c:724:13:MX_GPIO_Init	48	static
../Core/Src/main.c:812:6:Error_Handler	4	static,ignoring_inline_asm
